Analysis & Synthesis report for ManaOfRazor
Sat May 23 22:50:31 2026
Quartus II 64-Bit Version 13.0.1 Build 232 06/12/2013 Service Pack 1 SJ Web Edition


---------------------
; Table of Contents ;
---------------------
  1. Legal Notice
  2. Analysis & Synthesis Summary
  3. Analysis & Synthesis Settings
  4. Parallel Compilation
  5. Analysis & Synthesis Source Files Read
  6. Analysis & Synthesis Resource Usage Summary
  7. Analysis & Synthesis Resource Utilization by Entity
  8. Analysis & Synthesis IP Cores Summary
  9. Logic Cells Representing Combinational Loops
 10. General Register Statistics
 11. Parameter Settings for User Entity Instance: lpm_constant0:inst7|lpm_constant:LPM_CONSTANT_component
 12. Parameter Settings for User Entity Instance: lpm_constant1:inst9|lpm_constant:LPM_CONSTANT_component
 13. Parameter Settings for User Entity Instance: lpm_constant2:inst12|lpm_constant:LPM_CONSTANT_component
 14. Elapsed Time Per Partition
 15. Analysis & Synthesis Messages



----------------
; Legal Notice ;
----------------
Copyright (C) 1991-2013 Altera Corporation
Your use of Altera Corporation's design tools, logic functions 
and other software and tools, and its AMPP partner logic 
functions, and any output files from any of the foregoing 
(including device programming or simulation files), and any 
associated documentation or information are expressly subject 
to the terms and conditions of the Altera Program License 
Subscription Agreement, Altera MegaCore Function License 
Agreement, or other applicable license agreement, including, 
without limitation, that your use is for the sole purpose of 
programming logic devices manufactured by Altera and sold by 
Altera or its authorized distributors.  Please refer to the 
applicable agreement for further details.



+--------------------------------------------------------------------------------------+
; Analysis & Synthesis Summary                                                         ;
+------------------------------------+-------------------------------------------------+
; Analysis & Synthesis Status        ; Successful - Sat May 23 22:50:31 2026           ;
; Quartus II 64-Bit Version          ; 13.0.1 Build 232 06/12/2013 SP 1 SJ Web Edition ;
; Revision Name                      ; ManaOfRazor                                     ;
; Top-level Entity Name              ; Mana_Block                                      ;
; Family                             ; Cyclone II                                      ;
; Total logic elements               ; 23                                              ;
;     Total combinational functions  ; 23                                              ;
;     Dedicated logic registers      ; 0                                               ;
; Total registers                    ; 0                                               ;
; Total pins                         ; 8                                               ;
; Total virtual pins                 ; 0                                               ;
; Total memory bits                  ; 0                                               ;
; Embedded Multiplier 9-bit elements ; 0                                               ;
; Total PLLs                         ; 0                                               ;
+------------------------------------+-------------------------------------------------+


+----------------------------------------------------------------------------------------------------------------------+
; Analysis & Synthesis Settings                                                                                        ;
+----------------------------------------------------------------------------+--------------------+--------------------+
; Option                                                                     ; Setting            ; Default Value      ;
+----------------------------------------------------------------------------+--------------------+--------------------+
; Device                                                                     ; EP2C35F672C6       ;                    ;
; Top-level entity name                                                      ; Mana_Block         ; ManaOfRazor        ;
; Family name                                                                ; Cyclone II         ; Cyclone IV GX      ;
; Use smart compilation                                                      ; Off                ; Off                ;
; Enable parallel Assembler and TimeQuest Timing Analyzer during compilation ; On                 ; On                 ;
; Enable compact report table                                                ; Off                ; Off                ;
; Restructure Multiplexers                                                   ; Auto               ; Auto               ;
; Create Debugging Nodes for IP Cores                                        ; Off                ; Off                ;
; Preserve fewer node names                                                  ; On                 ; On                 ;
; Disable OpenCore Plus hardware evaluation                                  ; Off                ; Off                ;
; Verilog Version                                                            ; Verilog_2001       ; Verilog_2001       ;
; VHDL Version                                                               ; VHDL_1993          ; VHDL_1993          ;
; State Machine Processing                                                   ; Auto               ; Auto               ;
; Safe State Machine                                                         ; Off                ; Off                ;
; Extract Verilog State Machines                                             ; On                 ; On                 ;
; Extract VHDL State Machines                                                ; On                 ; On                 ;
; Ignore Verilog initial constructs                                          ; Off                ; Off                ;
; Iteration limit for constant Verilog loops                                 ; 5000               ; 5000               ;
; Iteration limit for non-constant Verilog loops                             ; 250                ; 250                ;
; Add Pass-Through Logic to Inferred RAMs                                    ; On                 ; On                 ;
; Infer RAMs from Raw Logic                                                  ; On                 ; On                 ;
; Parallel Synthesis                                                         ; On                 ; On                 ;
; DSP Block Balancing                                                        ; Auto               ; Auto               ;
; NOT Gate Push-Back                                                         ; On                 ; On                 ;
; Power-Up Don't Care                                                        ; On                 ; On                 ;
; Remove Redundant Logic Cells                                               ; Off                ; Off                ;
; Remove Duplicate Registers                                                 ; On                 ; On                 ;
; Ignore CARRY Buffers                                                       ; Off                ; Off                ;
; Ignore CASCADE Buffers                                                     ; Off                ; Off                ;
; Ignore GLOBAL Buffers                                                      ; Off                ; Off                ;
; Ignore ROW GLOBAL Buffers                                                  ; Off                ; Off                ;
; Ignore LCELL Buffers                                                       ; Off                ; Off                ;
; Ignore SOFT Buffers                                                        ; On                 ; On                 ;
; Limit AHDL Integers to 32 Bits                                             ; Off                ; Off                ;
; Optimization Technique                                                     ; Balanced           ; Balanced           ;
; Carry Chain Length                                                         ; 70                 ; 70                 ;
; Auto Carry Chains                                                          ; On                 ; On                 ;
; Auto Open-Drain Pins                                                       ; On                 ; On                 ;
; Perform WYSIWYG Primitive Resynthesis                                      ; Off                ; Off                ;
; Auto ROM Replacement                                                       ; On                 ; On                 ;
; Auto RAM Replacement                                                       ; On                 ; On                 ;
; Auto Shift Register Replacement                                            ; Auto               ; Auto               ;
; Allow Shift Register Merging across Hierarchies                            ; Auto               ; Auto               ;
; Auto Clock Enable Replacement                                              ; On                 ; On                 ;
; Strict RAM Replacement                                                     ; Off                ; Off                ;
; Allow Synchronous Control Signals                                          ; On                 ; On                 ;
; Force Use of Synchronous Clear Signals                                     ; Off                ; Off                ;
; Auto RAM to Logic Cell Conversion                                          ; Off                ; Off                ;
; Auto Resource Sharing                                                      ; Off                ; Off                ;
; Allow Any RAM Size For Recognition                                         ; Off                ; Off                ;
; Allow Any ROM Size For Recognition                                         ; Off                ; Off                ;
; Allow Any Shift Register Size For Recognition                              ; Off                ; Off                ;
; Use LogicLock Constraints during Resource Balancing                        ; On                 ; On                 ;
; Ignore translate_off and synthesis_off directives                          ; Off                ; Off                ;
; Timing-Driven Synthesis                                                    ; Off                ; Off                ;
; Report Parameter Settings                                                  ; On                 ; On                 ;
; Report Source Assignments                                                  ; On                 ; On                 ;
; Report Connectivity Checks                                                 ; On                 ; On                 ;
; Ignore Maximum Fan-Out Assignments                                         ; Off                ; Off                ;
; Synchronization Register Chain Length                                      ; 2                  ; 2                  ;
; PowerPlay Power Optimization                                               ; Normal compilation ; Normal compilation ;
; HDL message level                                                          ; Level2             ; Level2             ;
; Suppress Register Optimization Related Messages                            ; Off                ; Off                ;
; Number of Removed Registers Reported in Synthesis Report                   ; 5000               ; 5000               ;
; Number of Swept Nodes Reported in Synthesis Report                         ; 5000               ; 5000               ;
; Number of Inverted Registers Reported in Synthesis Report                  ; 100                ; 100                ;
; Clock MUX Protection                                                       ; On                 ; On                 ;
; Auto Gated Clock Conversion                                                ; Off                ; Off                ;
; Block Design Naming                                                        ; Auto               ; Auto               ;
; SDC constraint protection                                                  ; Off                ; Off                ;
; Synthesis Effort                                                           ; Auto               ; Auto               ;
; Shift Register Replacement - Allow Asynchronous Clear Signal               ; On                 ; On                 ;
; Pre-Mapping Resynthesis Optimization                                       ; Off                ; Off                ;
; Analysis & Synthesis Message Level                                         ; Medium             ; Medium             ;
; Disable Register Merging Across Hierarchies                                ; Auto               ; Auto               ;
; Resource Aware Inference For Block RAM                                     ; On                 ; On                 ;
; Synthesis Seed                                                             ; 1                  ; 1                  ;
+----------------------------------------------------------------------------+--------------------+--------------------+


Parallel compilation was disabled, but you have multiple processors available. Enable parallel compilation to reduce compilation time.
+-------------------------------------+
; Parallel Compilation                ;
+----------------------------+--------+
; Processors                 ; Number ;
+----------------------------+--------+
; Number detected on machine ; 12     ;
; Maximum allowed            ; 1      ;
+----------------------------+--------+


+--------------------------------------------------------------------------------------------------------------------------------------------------------------------------------+
; Analysis & Synthesis Source Files Read                                                                                                                                         ;
+----------------------------------+-----------------+------------------------------------+----------------------------------------------------------------------------+---------+
; File Name with User-Entered Path ; Used in Netlist ; File Type                          ; File Name with Absolute Path                                               ; Library ;
+----------------------------------+-----------------+------------------------------------+----------------------------------------------------------------------------+---------+
; Mux5to1.bdf                      ; yes             ; User Block Diagram/Schematic File  ; C:/D_Drive/Tailieu/HK8/Nhapmonmachso/Lab/Lab5/Lab5_excer/Mux5to1.bdf       ;         ;
; MUX2_1bits.bdf                   ; yes             ; User Block Diagram/Schematic File  ; C:/D_Drive/Tailieu/HK8/Nhapmonmachso/Lab/Lab5/Lab5_excer/MUX2_1bits.bdf    ;         ;
; ffd.bdf                          ; yes             ; User Block Diagram/Schematic File  ; C:/D_Drive/Tailieu/HK8/Nhapmonmachso/Lab/Lab5/Lab5_excer/ffd.bdf           ;         ;
; Biencarry.bdf                    ; yes             ; User Block Diagram/Schematic File  ; C:/D_Drive/Tailieu/HK8/Nhapmonmachso/Lab/Lab5/Lab5_excer/Biencarry.bdf     ;         ;
; Sum.bdf                          ; yes             ; User Block Diagram/Schematic File  ; C:/D_Drive/Tailieu/HK8/Nhapmonmachso/Lab/Lab5/Lab5_excer/Sum.bdf           ;         ;
; Fulladder5bit.bdf                ; yes             ; User Block Diagram/Schematic File  ; C:/D_Drive/Tailieu/HK8/Nhapmonmachso/Lab/Lab5/Lab5_excer/Fulladder5bit.bdf ;         ;
; Fulladder1bit.bdf                ; yes             ; User Block Diagram/Schematic File  ; C:/D_Drive/Tailieu/HK8/Nhapmonmachso/Lab/Lab5/Lab5_excer/Fulladder1bit.bdf ;         ;
; Res5bits.bdf                     ; yes             ; User Block Diagram/Schematic File  ; C:/D_Drive/Tailieu/HK8/Nhapmonmachso/Lab/Lab5/Lab5_excer/Res5bits.bdf      ;         ;
; Sub1bits.bdf                     ; yes             ; User Block Diagram/Schematic File  ; C:/D_Drive/Tailieu/HK8/Nhapmonmachso/Lab/Lab5/Lab5_excer/Sub1bits.bdf      ;         ;
; Sub5bits.bdf                     ; yes             ; User Block Diagram/Schematic File  ; C:/D_Drive/Tailieu/HK8/Nhapmonmachso/Lab/Lab5/Lab5_excer/Sub5bits.bdf      ;         ;
; SoSanh5bits.bdf                  ; yes             ; User Block Diagram/Schematic File  ; C:/D_Drive/Tailieu/HK8/Nhapmonmachso/Lab/Lab5/Lab5_excer/SoSanh5bits.bdf   ;         ;
; lpm_constant0.vhd                ; yes             ; User Wizard-Generated File         ; C:/D_Drive/Tailieu/HK8/Nhapmonmachso/Lab/Lab5/Lab5_excer/lpm_constant0.vhd ;         ;
; lpm_constant1.vhd                ; yes             ; User Wizard-Generated File         ; C:/D_Drive/Tailieu/HK8/Nhapmonmachso/Lab/Lab5/Lab5_excer/lpm_constant1.vhd ;         ;
; lpm_constant2.vhd                ; yes             ; User Wizard-Generated File         ; C:/D_Drive/Tailieu/HK8/Nhapmonmachso/Lab/Lab5/Lab5_excer/lpm_constant2.vhd ;         ;
; Mana_Block.bdf                   ; yes             ; User Block Diagram/Schematic File  ; C:/D_Drive/Tailieu/HK8/Nhapmonmachso/Lab/Lab5/Lab5_excer/Mana_Block.bdf    ;         ;
; lpm_constant.tdf                 ; yes             ; Megafunction                       ; c:/altera/13.0sp1/quartus/libraries/megafunctions/lpm_constant.tdf         ;         ;
+----------------------------------+-----------------+------------------------------------+----------------------------------------------------------------------------+---------+


+-----------------------------------------------------+
; Analysis & Synthesis Resource Usage Summary         ;
+---------------------------------------------+-------+
; Resource                                    ; Usage ;
+---------------------------------------------+-------+
; Estimated Total logic elements              ; 23    ;
;                                             ;       ;
; Total combinational functions               ; 23    ;
; Logic element usage by number of LUT inputs ;       ;
;     -- 4 input functions                    ; 19    ;
;     -- 3 input functions                    ; 4     ;
;     -- <=2 input functions                  ; 0     ;
;                                             ;       ;
; Logic elements by mode                      ;       ;
;     -- normal mode                          ; 23    ;
;     -- arithmetic mode                      ; 0     ;
;                                             ;       ;
; Total registers                             ; 0     ;
;     -- Dedicated logic registers            ; 0     ;
;     -- I/O registers                        ; 0     ;
;                                             ;       ;
; I/O pins                                    ; 8     ;
; Embedded Multiplier 9-bit elements          ; 0     ;
; Maximum fan-out node                        ; CLK   ;
; Maximum fan-out                             ; 15    ;
; Total fan-out                               ; 93    ;
; Average fan-out                             ; 3.00  ;
+---------------------------------------------+-------+


+------------------------------------------------------------------------------------------------------------------------------------------------------------------------------------------------------------------------+
; Analysis & Synthesis Resource Utilization by Entity                                                                                                                                                                    ;
+-----------------------------+-------------------+--------------+-------------+--------------+---------+-----------+------+--------------+---------------------------------------------------------------+--------------+
; Compilation Hierarchy Node  ; LC Combinationals ; LC Registers ; Memory Bits ; DSP Elements ; DSP 9x9 ; DSP 18x18 ; Pins ; Virtual Pins ; Full Hierarchy Name                                           ; Library Name ;
+-----------------------------+-------------------+--------------+-------------+--------------+---------+-----------+------+--------------+---------------------------------------------------------------+--------------+
; |Mana_Block                 ; 23 (0)            ; 0 (0)        ; 0           ; 0            ; 0       ; 0         ; 8    ; 0            ; |Mana_Block                                                   ; work         ;
;    |Fulladder5bit:inst1|    ; 2 (0)             ; 0 (0)        ; 0           ; 0            ; 0       ; 0         ; 0    ; 0            ; |Mana_Block|Fulladder5bit:inst1                               ; work         ;
;       |Fulladder1bit:inst5| ; 1 (0)             ; 0 (0)        ; 0           ; 0            ; 0       ; 0         ; 0    ; 0            ; |Mana_Block|Fulladder5bit:inst1|Fulladder1bit:inst5           ; work         ;
;          |Sum:inst3|        ; 1 (1)             ; 0 (0)        ; 0           ; 0            ; 0       ; 0         ; 0    ; 0            ; |Mana_Block|Fulladder5bit:inst1|Fulladder1bit:inst5|Sum:inst3 ; work         ;
;       |Fulladder1bit:inst6| ; 1 (0)             ; 0 (0)        ; 0           ; 0            ; 0       ; 0         ; 0    ; 0            ; |Mana_Block|Fulladder5bit:inst1|Fulladder1bit:inst6           ; work         ;
;          |Sum:inst3|        ; 1 (1)             ; 0 (0)        ; 0           ; 0            ; 0       ; 0         ; 0    ; 0            ; |Mana_Block|Fulladder5bit:inst1|Fulladder1bit:inst6|Sum:inst3 ; work         ;
;    |Mux5to1:inst10|         ; 1 (0)             ; 0 (0)        ; 0           ; 0            ; 0       ; 0         ; 0    ; 0            ; |Mana_Block|Mux5to1:inst10                                    ; work         ;
;       |MUX2_1bits:inst1|    ; 1 (1)             ; 0 (0)        ; 0           ; 0            ; 0       ; 0         ; 0    ; 0            ; |Mana_Block|Mux5to1:inst10|MUX2_1bits:inst1                   ; work         ;
;    |Res5bits:inst|          ; 18 (0)            ; 0 (0)        ; 0           ; 0            ; 0       ; 0         ; 0    ; 0            ; |Mana_Block|Res5bits:inst                                     ; work         ;
;       |ffd:inst1|           ; 3 (3)             ; 0 (0)        ; 0           ; 0            ; 0       ; 0         ; 0    ; 0            ; |Mana_Block|Res5bits:inst|ffd:inst1                           ; work         ;
;       |ffd:inst2|           ; 3 (3)             ; 0 (0)        ; 0           ; 0            ; 0       ; 0         ; 0    ; 0            ; |Mana_Block|Res5bits:inst|ffd:inst2                           ; work         ;
;       |ffd:inst3|           ; 3 (3)             ; 0 (0)        ; 0           ; 0            ; 0       ; 0         ; 0    ; 0            ; |Mana_Block|Res5bits:inst|ffd:inst3                           ; work         ;
;       |ffd:inst4|           ; 6 (6)             ; 0 (0)        ; 0           ; 0            ; 0       ; 0         ; 0    ; 0            ; |Mana_Block|Res5bits:inst|ffd:inst4                           ; work         ;
;       |ffd:inst|            ; 3 (3)             ; 0 (0)        ; 0           ; 0            ; 0       ; 0         ; 0    ; 0            ; |Mana_Block|Res5bits:inst|ffd:inst                            ; work         ;
;    |SoSanh5bits:inst8|      ; 2 (0)             ; 0 (0)        ; 0           ; 0            ; 0       ; 0         ; 0    ; 0            ; |Mana_Block|SoSanh5bits:inst8                                 ; work         ;
;       |Sub5bits:inst|       ; 2 (0)             ; 0 (0)        ; 0           ; 0            ; 0       ; 0         ; 0    ; 0            ; |Mana_Block|SoSanh5bits:inst8|Sub5bits:inst                   ; work         ;
;          |Sub1bits:inst5|   ; 2 (2)             ; 0 (0)        ; 0           ; 0            ; 0       ; 0         ; 0    ; 0            ; |Mana_Block|SoSanh5bits:inst8|Sub5bits:inst|Sub1bits:inst5    ; work         ;
+-----------------------------+-------------------+--------------+-------------+--------------+---------+-----------+------+--------------+---------------------------------------------------------------+--------------+
Note: For table entries with two numbers listed, the numbers in parentheses indicate the number of resources of the given type used by the specific entity alone. The numbers listed outside of parentheses indicate the total resources of the given type used by the specific entity and all of its sub-entities in the hierarchy.


+-------------------------------------------------------------------------------------------------------------------------------------------------------------------------------+
; Analysis & Synthesis IP Cores Summary                                                                                                                                         ;
+--------+--------------+---------+--------------+--------------+----------------------------------+----------------------------------------------------------------------------+
; Vendor ; IP Core Name ; Version ; Release Date ; License Type ; Entity Instance                  ; IP Include File                                                            ;
+--------+--------------+---------+--------------+--------------+----------------------------------+----------------------------------------------------------------------------+
; Altera ; LPM_CONSTANT ; 13.0    ; N/A          ; N/A          ; |Mana_Block|lpm_constant0:inst7  ; C:/D_Drive/Tailieu/HK8/Nhapmonmachso/Lab/Lab5/Lab5_excer/lpm_constant0.vhd ;
; Altera ; LPM_CONSTANT ; 13.0    ; N/A          ; N/A          ; |Mana_Block|lpm_constant1:inst9  ; C:/D_Drive/Tailieu/HK8/Nhapmonmachso/Lab/Lab5/Lab5_excer/lpm_constant1.vhd ;
; Altera ; LPM_CONSTANT ; 13.0    ; N/A          ; N/A          ; |Mana_Block|lpm_constant2:inst12 ; C:/D_Drive/Tailieu/HK8/Nhapmonmachso/Lab/Lab5/Lab5_excer/lpm_constant2.vhd ;
+--------+--------------+---------+--------------+--------------+----------------------------------+----------------------------------------------------------------------------+


+-------------------------------------------------------------+
; Logic Cells Representing Combinational Loops                ;
+--------------------------------------------------------+----+
; Logic Cell Name                                        ;    ;
+--------------------------------------------------------+----+
; Res5bits:inst|ffd:inst4|inst9~0                        ;    ;
; Res5bits:inst|ffd:inst3|inst9~0                        ;    ;
; Res5bits:inst|ffd:inst2|inst9~0                        ;    ;
; Res5bits:inst|ffd:inst1|inst9~0                        ;    ;
; Res5bits:inst|ffd:inst|inst9~0                         ;    ;
; Res5bits:inst|ffd:inst4|inst4~0                        ;    ;
; Res5bits:inst|ffd:inst3|inst4~0                        ;    ;
; Res5bits:inst|ffd:inst2|inst4~0                        ;    ;
; Res5bits:inst|ffd:inst1|inst4~0                        ;    ;
; Res5bits:inst|ffd:inst|inst4~0                         ;    ;
; Number of logic cells representing combinational loops ; 10 ;
+--------------------------------------------------------+----+
Note: All cells listed above may not be present at the end of synthesis due to various synthesis optimizations.


+------------------------------------------------------+
; General Register Statistics                          ;
+----------------------------------------------+-------+
; Statistic                                    ; Value ;
+----------------------------------------------+-------+
; Total registers                              ; 0     ;
; Number of registers using Synchronous Clear  ; 0     ;
; Number of registers using Synchronous Load   ; 0     ;
; Number of registers using Asynchronous Clear ; 0     ;
; Number of registers using Asynchronous Load  ; 0     ;
; Number of registers using Clock Enable       ; 0     ;
; Number of registers using Preset             ; 0     ;
+----------------------------------------------+-------+


+------------------------------------------------------------------------------------------------------+
; Parameter Settings for User Entity Instance: lpm_constant0:inst7|lpm_constant:LPM_CONSTANT_component ;
+--------------------+------------------+--------------------------------------------------------------+
; Parameter Name     ; Value            ; Type                                                         ;
+--------------------+------------------+--------------------------------------------------------------+
; LPM_WIDTH          ; 5                ; Signed Integer                                               ;
; LPM_CVALUE         ; 2                ; Signed Integer                                               ;
; ENABLE_RUNTIME_MOD ; NO               ; Untyped                                                      ;
; CBXI_PARAMETER     ; lpm_constant_pf6 ; Untyped                                                      ;
+--------------------+------------------+--------------------------------------------------------------+
Note: In order to hide this table in the UI and the text report file, please set the "Show Parameter Settings in Synthesis Report" option in "Analysis and Synthesis Settings -> More Settings" to "Off".


+------------------------------------------------------------------------------------------------------+
; Parameter Settings for User Entity Instance: lpm_constant1:inst9|lpm_constant:LPM_CONSTANT_component ;
+--------------------+------------------+--------------------------------------------------------------+
; Parameter Name     ; Value            ; Type                                                         ;
+--------------------+------------------+--------------------------------------------------------------+
; LPM_WIDTH          ; 5                ; Signed Integer                                               ;
; LPM_CVALUE         ; 27               ; Signed Integer                                               ;
; ENABLE_RUNTIME_MOD ; NO               ; Untyped                                                      ;
; CBXI_PARAMETER     ; lpm_constant_ah6 ; Untyped                                                      ;
+--------------------+------------------+--------------------------------------------------------------+
Note: In order to hide this table in the UI and the text report file, please set the "Show Parameter Settings in Synthesis Report" option in "Analysis and Synthesis Settings -> More Settings" to "Off".


+-------------------------------------------------------------------------------------------------------+
; Parameter Settings for User Entity Instance: lpm_constant2:inst12|lpm_constant:LPM_CONSTANT_component ;
+--------------------+------------------+---------------------------------------------------------------+
; Parameter Name     ; Value            ; Type                                                          ;
+--------------------+------------------+---------------------------------------------------------------+
; LPM_WIDTH          ; 5                ; Signed Integer                                                ;
; LPM_CVALUE         ; 12               ; Signed Integer                                                ;
; ENABLE_RUNTIME_MOD ; NO               ; Untyped                                                       ;
; CBXI_PARAMETER     ; lpm_constant_bh6 ; Untyped                                                       ;
+--------------------+------------------+---------------------------------------------------------------+
Note: In order to hide this table in the UI and the text report file, please set the "Show Parameter Settings in Synthesis Report" option in "Analysis and Synthesis Settings -> More Settings" to "Off".


+-------------------------------+
; Elapsed Time Per Partition    ;
+----------------+--------------+
; Partition Name ; Elapsed Time ;
+----------------+--------------+
; Top            ; 00:00:00     ;
+----------------+--------------+


+-------------------------------+
; Analysis & Synthesis Messages ;
+-------------------------------+
Info: *******************************************************************
Info: Running Quartus II 64-Bit Analysis & Synthesis
    Info: Version 13.0.1 Build 232 06/12/2013 Service Pack 1 SJ Web Edition
    Info: Processing started: Sat May 23 22:50:28 2026
Info: Command: quartus_map --read_settings_files=on --write_settings_files=off ManaOfRazor -c ManaOfRazor
Warning (20028): Parallel compilation is not licensed and has been disabled
Info (12021): Found 1 design units, including 1 entities, in source file mux5to1.bdf
    Info (12023): Found entity 1: Mux5to1
Info (12021): Found 1 design units, including 1 entities, in source file mux2_1bits.bdf
    Info (12023): Found entity 1: MUX2_1bits
Info (12021): Found 1 design units, including 1 entities, in source file ffd.bdf
    Info (12023): Found entity 1: ffd
Info (12021): Found 1 design units, including 1 entities, in source file biencarry.bdf
    Info (12023): Found entity 1: Biencarry
Info (12021): Found 1 design units, including 1 entities, in source file sum.bdf
    Info (12023): Found entity 1: Sum
Info (12021): Found 1 design units, including 1 entities, in source file fulladder5bit.bdf
    Info (12023): Found entity 1: Fulladder5bit
Info (12021): Found 1 design units, including 1 entities, in source file fulladder1bit.bdf
    Info (12023): Found entity 1: Fulladder1bit
Info (12021): Found 1 design units, including 1 entities, in source file res5bits.bdf
    Info (12023): Found entity 1: Res5bits
Info (12021): Found 1 design units, including 1 entities, in source file sub1bits.bdf
    Info (12023): Found entity 1: Sub1bits
Info (12021): Found 1 design units, including 1 entities, in source file sub5bits.bdf
    Info (12023): Found entity 1: Sub5bits
Info (12021): Found 1 design units, including 1 entities, in source file sosanh5bits.bdf
    Info (12023): Found entity 1: SoSanh5bits
Info (12021): Found 2 design units, including 1 entities, in source file lpm_constant0.vhd
    Info (12022): Found design unit 1: lpm_constant0-SYN
    Info (12023): Found entity 1: lpm_constant0
Info (12021): Found 2 design units, including 1 entities, in source file lpm_constant1.vhd
    Info (12022): Found design unit 1: lpm_constant1-SYN
    Info (12023): Found entity 1: lpm_constant1
Info (12021): Found 2 design units, including 1 entities, in source file lpm_constant2.vhd
    Info (12022): Found design unit 1: lpm_constant2-SYN
    Info (12023): Found entity 1: lpm_constant2
Info (12021): Found 1 design units, including 1 entities, in source file mana_block.bdf
    Info (12023): Found entity 1: Mana_Block
Info (12021): Found 2 design units, including 1 entities, in source file lpm_constant3.vhd
    Info (12022): Found design unit 1: lpm_constant3-SYN
    Info (12023): Found entity 1: lpm_constant3
Info (12021): Found 2 design units, including 1 entities, in source file lpm_constant4.vhd
    Info (12022): Found design unit 1: lpm_constant4-SYN
    Info (12023): Found entity 1: lpm_constant4
Info (12021): Found 1 design units, including 1 entities, in source file cooldown_block.bdf
    Info (12023): Found entity 1: Cooldown_block
Info (12021): Found 1 design units, including 1 entities, in source file manaplasmafield.bdf
    Info (12023): Found entity 1: ManaPlasmaField
Info (12127): Elaborating entity "Mana_Block" for the top level hierarchy
Info (12128): Elaborating entity "Res5bits" for hierarchy "Res5bits:inst"
Info (12128): Elaborating entity "ffd" for hierarchy "Res5bits:inst|ffd:inst"
Info (12128): Elaborating entity "Mux5to1" for hierarchy "Mux5to1:inst13"
Info (12128): Elaborating entity "MUX2_1bits" for hierarchy "Mux5to1:inst13|MUX2_1bits:inst"
Info (12128): Elaborating entity "SoSanh5bits" for hierarchy "SoSanh5bits:inst8"
Info (12128): Elaborating entity "Sub5bits" for hierarchy "SoSanh5bits:inst8|Sub5bits:inst"
Info (12128): Elaborating entity "Sub1bits" for hierarchy "SoSanh5bits:inst8|Sub5bits:inst|Sub1bits:inst5"
Info (12128): Elaborating entity "Fulladder5bit" for hierarchy "Fulladder5bit:inst1"
Info (12128): Elaborating entity "Fulladder1bit" for hierarchy "Fulladder5bit:inst1|Fulladder1bit:inst6"
Info (12128): Elaborating entity "Sum" for hierarchy "Fulladder5bit:inst1|Fulladder1bit:inst6|Sum:inst3"
Warning (275011): Block or symbol "NOT" of instance "inst5" overlaps another block or symbol
Warning (275011): Block or symbol "NOT" of instance "inst7" overlaps another block or symbol
Warning (275011): Block or symbol "NOT" of instance "inst9" overlaps another block or symbol
Info (12128): Elaborating entity "Biencarry" for hierarchy "Fulladder5bit:inst1|Fulladder1bit:inst6|Biencarry:inst"
Info (12128): Elaborating entity "lpm_constant0" for hierarchy "lpm_constant0:inst7"
Info (12128): Elaborating entity "lpm_constant" for hierarchy "lpm_constant0:inst7|lpm_constant:LPM_CONSTANT_component"
Info (12130): Elaborated megafunction instantiation "lpm_constant0:inst7|lpm_constant:LPM_CONSTANT_component"
Info (12133): Instantiated megafunction "lpm_constant0:inst7|lpm_constant:LPM_CONSTANT_component" with the following parameter:
    Info (12134): Parameter "lpm_cvalue" = "2"
    Info (12134): Parameter "lpm_hint" = "ENABLE_RUNTIME_MOD=NO"
    Info (12134): Parameter "lpm_type" = "LPM_CONSTANT"
    Info (12134): Parameter "lpm_width" = "5"
Info (12128): Elaborating entity "lpm_constant1" for hierarchy "lpm_constant1:inst9"
Info (12128): Elaborating entity "lpm_constant" for hierarchy "lpm_constant1:inst9|lpm_constant:LPM_CONSTANT_component"
Info (12130): Elaborated megafunction instantiation "lpm_constant1:inst9|lpm_constant:LPM_CONSTANT_component"
Info (12133): Instantiated megafunction "lpm_constant1:inst9|lpm_constant:LPM_CONSTANT_component" with the following parameter:
    Info (12134): Parameter "lpm_cvalue" = "27"
    Info (12134): Parameter "lpm_hint" = "ENABLE_RUNTIME_MOD=NO"
    Info (12134): Parameter "lpm_type" = "LPM_CONSTANT"
    Info (12134): Parameter "lpm_width" = "5"
Info (12128): Elaborating entity "lpm_constant2" for hierarchy "lpm_constant2:inst12"
Info (12128): Elaborating entity "lpm_constant" for hierarchy "lpm_constant2:inst12|lpm_constant:LPM_CONSTANT_component"
Info (12130): Elaborated megafunction instantiation "lpm_constant2:inst12|lpm_constant:LPM_CONSTANT_component"
Info (12133): Instantiated megafunction "lpm_constant2:inst12|lpm_constant:LPM_CONSTANT_component" with the following parameter:
    Info (12134): Parameter "lpm_cvalue" = "12"
    Info (12134): Parameter "lpm_hint" = "ENABLE_RUNTIME_MOD=NO"
    Info (12134): Parameter "lpm_type" = "LPM_CONSTANT"
    Info (12134): Parameter "lpm_width" = "5"
Warning (19014): Pin "CLR" has no register for Power-Up Level option
Info (16010): Generating hard_block partition "hard_block:auto_generated_inst"
    Info (16011): Adding 0 node(s), including 0 DDIO, 0 PLL, 0 transceiver and 0 LCELL
Info (21057): Implemented 31 device resources after synthesis - the final resource count might be different
    Info (21058): Implemented 3 input pins
    Info (21059): Implemented 5 output pins
    Info (21061): Implemented 23 logic cells
Info: Quartus II 64-Bit Analysis & Synthesis was successful. 0 errors, 5 warnings
    Info: Peak virtual memory: 4674 megabytes
    Info: Processing ended: Sat May 23 22:50:31 2026
    Info: Elapsed time: 00:00:03
    Info: Total CPU time (on all processors): 00:00:02


