Flow report for ManaOfRazor
Sat May 23 22:54:11 2026
Quartus II 64-Bit Version 13.0.1 Build 232 06/12/2013 Service Pack 1 SJ Web Edition


---------------------
; Table of Contents ;
---------------------
  1. Legal Notice
  2. Flow Summary
  3. Flow Settings
  4. Flow Non-Default Global Settings
  5. Flow Elapsed Time
  6. Flow OS Summary
  7. Flow Log
  8. Flow Messages
  9. Flow Suppressed Messages



----------------
; Legal Notice ;
----------------
Copyright (C) 1991-2013 Altera Corporation
Your use of Altera Corporation's design tools, logic functions 
and other software and tools, and its AMPP partner logic 
functions, and any output files from any of the foregoing 
(including device programming or simulation files), and any 
associated documentation or information are expressly subject 
to the terms and conditions of the Altera Program License 
Subscription Agreement, Altera MegaCore Function License 
Agreement, or other applicable license agreement, including, 
without limitation, that your use is for the sole purpose of 
programming logic devices manufactured by Altera and sold by 
Altera or its authorized distributors.  Please refer to the 
applicable agreement for further details.



+--------------------------------------------------------------------------------------+
; Flow Summary                                                                         ;
+------------------------------------+-------------------------------------------------+
; Flow Status                        ; Successful - Sat May 23 22:54:11 2026           ;
; Quartus II 64-Bit Version          ; 13.0.1 Build 232 06/12/2013 SP 1 SJ Web Edition ;
; Revision Name                      ; ManaOfRazor                                     ;
; Top-level Entity Name              ; Mana_Block                                      ;
; Family                             ; Cyclone II                                      ;
; Device                             ; EP2C35F672C6                                    ;
; Timing Models                      ; Final                                           ;
; Total logic elements               ; 23 / 33,216 ( < 1 % )                           ;
;     Total combinational functions  ; 23 / 33,216 ( < 1 % )                           ;
;     Dedicated logic registers      ; 0 / 33,216 ( 0 % )                              ;
; Total registers                    ; 0                                               ;
; Total pins                         ; 8 / 475 ( 2 % )                                 ;
; Total virtual pins                 ; 0                                               ;
; Total memory bits                  ; 0 / 483,840 ( 0 % )                             ;
; Embedded Multiplier 9-bit elements ; 0 / 70 ( 0 % )                                  ;
; Total PLLs                         ; 0 / 4 ( 0 % )                                   ;
+------------------------------------+-------------------------------------------------+


+-----------------------------------------+
; Flow Settings                           ;
+-------------------+---------------------+
; Option            ; Setting             ;
+-------------------+---------------------+
; Start date & time ; 05/23/2026 22:50:29 ;
; Main task         ; Compilation         ;
; Revision Name     ; ManaOfRazor         ;
+-------------------+---------------------+


+---------------------------------------------------------------------------------------------------------------------+
; Flow Non-Default Global Settings                                                                                    ;
+-------------------------------------+--------------------------------+---------------+-------------+----------------+
; Assignment Name                     ; Value                          ; Default Value ; Entity Name ; Section Id     ;
+-------------------------------------+--------------------------------+---------------+-------------+----------------+
; COMPILER_SIGNATURE_ID               ; 48759586424013.177955142917324 ; --            ; --          ; --             ;
; EDA_GENERATE_FUNCTIONAL_NETLIST     ; On                             ; --            ; --          ; eda_simulation ;
; EDA_OUTPUT_DATA_FORMAT              ; Verilog Hdl                    ; --            ; --          ; eda_simulation ;
; EDA_SIMULATION_TOOL                 ; ModelSim-Altera (Verilog)      ; <None>        ; --          ; --             ;
; IP_TOOL_NAME                        ; LPM_CONSTANT                   ; --            ; --          ; --             ;
; IP_TOOL_NAME                        ; LPM_CONSTANT                   ; --            ; --          ; --             ;
; IP_TOOL_NAME                        ; LPM_CONSTANT                   ; --            ; --          ; --             ;
; IP_TOOL_NAME                        ; LPM_CONSTANT                   ; --            ; --          ; --             ;
; IP_TOOL_NAME                        ; LPM_CONSTANT                   ; --            ; --          ; --             ;
; IP_TOOL_VERSION                     ; 13.0                           ; --            ; --          ; --             ;
; IP_TOOL_VERSION                     ; 13.0                           ; --            ; --          ; --             ;
; IP_TOOL_VERSION                     ; 13.0                           ; --            ; --          ; --             ;
; IP_TOOL_VERSION                     ; 13.0                           ; --            ; --          ; --             ;
; IP_TOOL_VERSION                     ; 13.0                           ; --            ; --          ; --             ;
; MAX_CORE_JUNCTION_TEMP              ; 85                             ; --            ; --          ; --             ;
; MIN_CORE_JUNCTION_TEMP              ; 0                              ; --            ; --          ; --             ;
; MISC_FILE                           ; lpm_constant0.bsf              ; --            ; --          ; --             ;
; MISC_FILE                           ; lpm_constant0.cmp              ; --            ; --          ; --             ;
; MISC_FILE                           ; lpm_constant1.bsf              ; --            ; --          ; --             ;
; MISC_FILE                           ; lpm_constant1.cmp              ; --            ; --          ; --             ;
; MISC_FILE                           ; lpm_constant2.bsf              ; --            ; --          ; --             ;
; MISC_FILE                           ; lpm_constant2.cmp              ; --            ; --          ; --             ;
; MISC_FILE                           ; lpm_constant3.bsf              ; --            ; --          ; --             ;
; MISC_FILE                           ; lpm_constant3.cmp              ; --            ; --          ; --             ;
; MISC_FILE                           ; lpm_constant4.bsf              ; --            ; --          ; --             ;
; MISC_FILE                           ; lpm_constant4.cmp              ; --            ; --          ; --             ;
; PARTITION_COLOR                     ; 16764057                       ; --            ; Mana_Block  ; Top            ;
; PARTITION_FITTER_PRESERVATION_LEVEL ; PLACEMENT_AND_ROUTING          ; --            ; Mana_Block  ; Top            ;
; PARTITION_NETLIST_TYPE              ; SOURCE                         ; --            ; Mana_Block  ; Top            ;
; PROJECT_OUTPUT_DIRECTORY            ; output_files                   ; --            ; --          ; --             ;
; TOP_LEVEL_ENTITY                    ; Mana_Block                     ; ManaOfRazor   ; --          ; --             ;
+-------------------------------------+--------------------------------+---------------+-------------+----------------+


+-------------------------------------------------------------------------------------------------------------------------------+
; Flow Elapsed Time                                                                                                             ;
+---------------------------+--------------+-------------------------+---------------------+------------------------------------+
; Module Name               ; Elapsed Time ; Average Processors Used ; Peak Virtual Memory ; Total CPU Time (on all processors) ;
+---------------------------+--------------+-------------------------+---------------------+------------------------------------+
; Analysis & Synthesis      ; 00:00:02     ; 1.0                     ; 4674 MB             ; 00:00:02                           ;
; Fitter                    ; 00:00:04     ; 1.0                     ; 4903 MB             ; 00:00:05                           ;
; Assembler                 ; 00:00:02     ; 1.0                     ; 4585 MB             ; 00:00:02                           ;
; TimeQuest Timing Analyzer ; 00:00:01     ; 1.0                     ; 4560 MB             ; 00:00:01                           ;
; EDA Netlist Writer        ; 00:00:00     ; 1.0                     ; 4532 MB             ; 00:00:00                           ;
; EDA Netlist Writer        ; 00:00:01     ; 1.0                     ; 4540 MB             ; 00:00:01                           ;
; EDA Netlist Writer        ; 00:00:01     ; 1.0                     ; 4540 MB             ; 00:00:01                           ;
; Total                     ; 00:00:11     ; --                      ; --                  ; 00:00:12                           ;
+---------------------------+--------------+-------------------------+---------------------+------------------------------------+


+----------------------------------------------------------------------------------------+
; Flow OS Summary                                                                        ;
+---------------------------+------------------+-----------+------------+----------------+
; Module Name               ; Machine Hostname ; OS Name   ; OS Version ; Processor type ;
+---------------------------+------------------+-----------+------------+----------------+
; Analysis & Synthesis      ; PC               ; Windows 7 ; 6.1        ; x86_64         ;
; Fitter                    ; PC               ; Windows 7 ; 6.1        ; x86_64         ;
; Assembler                 ; PC               ; Windows 7 ; 6.1        ; x86_64         ;
; TimeQuest Timing Analyzer ; PC               ; Windows 7 ; 6.1        ; x86_64         ;
; EDA Netlist Writer        ; PC               ; Windows 7 ; 6.1        ; x86_64         ;
; EDA Netlist Writer        ; PC               ; Windows 7 ; 6.1        ; x86_64         ;
; EDA Netlist Writer        ; PC               ; Windows 7 ; 6.1        ; x86_64         ;
+---------------------------+------------------+-----------+------------+----------------+


------------
; Flow Log ;
------------
quartus_map --read_settings_files=on --write_settings_files=off ManaOfRazor -c ManaOfRazor
quartus_fit --read_settings_files=off --write_settings_files=off ManaOfRazor -c ManaOfRazor
quartus_asm --read_settings_files=off --write_settings_files=off ManaOfRazor -c ManaOfRazor
quartus_sta ManaOfRazor -c ManaOfRazor
quartus_eda --read_settings_files=off --write_settings_files=off ManaOfRazor -c ManaOfRazor
quartus_eda --gen_testbench --check_outputs=on --tool=modelsim_oem --format=verilog ManaOfRazor -c ManaOfRazor --vector_source=C:/D_Drive/Tailieu/HK8/Nhapmonmachso/Lab/Lab5/Lab5_excer/Waveform2.vwf --testbench_file=./simulation/qsim/ManaOfRazor.vt
quartus_eda --functional=on --simulation=on --tool=modelsim_oem --format=verilog ManaOfRazor -c ManaOfRazor



