Simulator report for ManaOfRazor
Sat May 23 22:54:21 2026
Quartus II 64-Bit Version 13.0.1 Build 232 06/12/2013 Service Pack 1 SJ Web Edition


---------------------
; Table of Contents ;
---------------------
  1. Legal Notice
  2. Simulator Summary
  3. Simulator Settings
  4. Simulation Waveforms
  5. Coverage Summary
  6. Complete 1/0-Value Coverage
  7. Missing 1-Value Coverage
  8. Missing 0-Value Coverage
  9. Simulator INI Usage
 10. Simulator Messages



----------------
; Legal Notice ;
----------------
Copyright (C) 1991-2013 Altera Corporation
Your use of Altera Corporation's design tools, logic functions 
and other software and tools, and its AMPP partner logic 
functions, and any output files from any of the foregoing 
(including device programming or simulation files), and any 
associated documentation or information are expressly subject 
to the terms and conditions of the Altera Program License 
Subscription Agreement, Altera MegaCore Function License 
Agreement, or other applicable license agreement, including, 
without limitation, that your use is for the sole purpose of 
programming logic devices manufactured by Altera and sold by 
Altera or its authorized distributors.  Please refer to the 
applicable agreement for further details.



+--------------------------------------------+
; Simulator Summary                          ;
+-----------------------------+--------------+
; Type                        ; Value        ;
+-----------------------------+--------------+
; Simulation Start Time       ; 0 ps         ;
; Simulation End Time         ; 1.0 us       ;
; Simulation Netlist Size     ; 159 nodes    ;
; Simulation Coverage         ;      96.23 % ;
; Total Number of Transitions ; 4276         ;
; Simulation Breakpoints      ; 0            ;
; Family                      ; Cyclone II   ;
+-----------------------------+--------------+


+-------------------------------------------------------------------------------------------------------------------------------------------------------------------------------------+
; Simulator Settings                                                                                                                                                                  ;
+--------------------------------------------------------------------------------------------+------------------------------------------------------------------------+---------------+
; Option                                                                                     ; Setting                                                                ; Default Value ;
+--------------------------------------------------------------------------------------------+------------------------------------------------------------------------+---------------+
; Simulation mode                                                                            ; Functional                                                             ; Timing        ;
; Start time                                                                                 ; 0 ns                                                                   ; 0 ns          ;
; Simulation results format                                                                  ; VWF                                                                    ;               ;
; Vector input source                                                                        ; C:/D_Drive/Tailieu/HK8/Nhapmonmachso/Lab/Lab5/Lab5_excer/Waveform2.vwf ;               ;
; Add pins automatically to simulation output waveforms                                      ; On                                                                     ; On            ;
; Check outputs                                                                              ; Off                                                                    ; Off           ;
; Report simulation coverage                                                                 ; On                                                                     ; On            ;
; Display complete 1/0 value coverage report                                                 ; On                                                                     ; On            ;
; Display missing 1-value coverage report                                                    ; On                                                                     ; On            ;
; Display missing 0-value coverage report                                                    ; On                                                                     ; On            ;
; Detect setup and hold time violations                                                      ; Off                                                                    ; Off           ;
; Detect glitches                                                                            ; Off                                                                    ; Off           ;
; Disable timing delays in Timing Simulation                                                 ; Off                                                                    ; Off           ;
; Generate Signal Activity File                                                              ; Off                                                                    ; Off           ;
; Generate VCD File for PowerPlay Power Analyzer                                             ; Off                                                                    ; Off           ;
; Group bus channels in simulation results                                                   ; Off                                                                    ; Off           ;
; Preserve fewer signal transitions to reduce memory requirements                            ; On                                                                     ; On            ;
; Trigger vector comparison with the specified mode                                          ; INPUT_EDGE                                                             ; INPUT_EDGE    ;
; Disable setup and hold time violations detection in input registers of bi-directional pins ; Off                                                                    ; Off           ;
; Overwrite Waveform Inputs With Simulation Outputs                                          ; Off                                                                    ;               ;
; Perform Glitch Filtering in Timing Simulation                                              ; Auto                                                                   ; Auto          ;
+--------------------------------------------------------------------------------------------+------------------------------------------------------------------------+---------------+


+----------------------+
; Simulation Waveforms ;
+----------------------+
Waveform report data cannot be output to ASCII.
Please use Quartus II 64-Bit to view the waveform report data.


+--------------------------------------------------------------------+
; Coverage Summary                                                   ;
+-----------------------------------------------------+--------------+
; Type                                                ; Value        ;
+-----------------------------------------------------+--------------+
; Total coverage as a percentage                      ;      96.23 % ;
; Total nodes checked                                 ; 159          ;
; Total output ports checked                          ; 159          ;
; Total output ports with complete 1/0-value coverage ; 153          ;
; Total output ports with no 1/0-value coverage       ; 1            ;
; Total output ports with no 1-value coverage         ; 3            ;
; Total output ports with no 0-value coverage         ; 4            ;
+-----------------------------------------------------+--------------+


The following table displays output ports that toggle between 1 and 0 during simulation.
+--------------------------------------------------------------------------------------------------------------------------------------------------------------------------------------------------------------------------+
; Complete 1/0-Value Coverage                                                                                                                                                                                              ;
+---------------------------------------------------------------------------------------------------+---------------------------------------------------------------------------------------------------+------------------+
; Node Name                                                                                         ; Output Port Name                                                                                  ; Output Port Type ;
+---------------------------------------------------------------------------------------------------+---------------------------------------------------------------------------------------------------+------------------+
; |ManaPlasmaField|F                                                                                ; |ManaPlasmaField|F                                                                                ; pin_out          ;
; |ManaPlasmaField|inst6                                                                            ; |ManaPlasmaField|inst6                                                                            ; out0             ;
; |ManaPlasmaField|CLK                                                                              ; |ManaPlasmaField|CLK                                                                              ; out              ;
; |ManaPlasmaField|inst7                                                                            ; |ManaPlasmaField|inst7                                                                            ; out0             ;
; |ManaPlasmaField|use1                                                                             ; |ManaPlasmaField|use1                                                                             ; out              ;
; |ManaPlasmaField|Mana_Block:inst|Sub5bits:inst11|Sub1bits:inst4|inst5                             ; |ManaPlasmaField|Mana_Block:inst|Sub5bits:inst11|Sub1bits:inst4|inst5                             ; out0             ;
; |ManaPlasmaField|Mana_Block:inst|Sub5bits:inst11|Sub1bits:inst4|inst4                             ; |ManaPlasmaField|Mana_Block:inst|Sub5bits:inst11|Sub1bits:inst4|inst4                             ; out0             ;
; |ManaPlasmaField|Mana_Block:inst|Sub5bits:inst11|Sub1bits:inst4|inst99                            ; |ManaPlasmaField|Mana_Block:inst|Sub5bits:inst11|Sub1bits:inst4|inst99                            ; out0             ;
; |ManaPlasmaField|Mana_Block:inst|Sub5bits:inst11|Sub1bits:inst5|inst99                            ; |ManaPlasmaField|Mana_Block:inst|Sub5bits:inst11|Sub1bits:inst5|inst99                            ; out0             ;
; |ManaPlasmaField|Mana_Block:inst|Fulladder5bit:inst1|Fulladder1bit:inst4|Biencarry:inst|inst      ; |ManaPlasmaField|Mana_Block:inst|Fulladder5bit:inst1|Fulladder1bit:inst4|Biencarry:inst|inst      ; out0             ;
; |ManaPlasmaField|Mana_Block:inst|Fulladder5bit:inst1|Fulladder1bit:inst4|Sum:inst3|inst4          ; |ManaPlasmaField|Mana_Block:inst|Fulladder5bit:inst1|Fulladder1bit:inst4|Sum:inst3|inst4          ; out0             ;
; |ManaPlasmaField|Mana_Block:inst|Fulladder5bit:inst1|Fulladder1bit:inst4|Sum:inst3|inst2          ; |ManaPlasmaField|Mana_Block:inst|Fulladder5bit:inst1|Fulladder1bit:inst4|Sum:inst3|inst2          ; out0             ;
; |ManaPlasmaField|Mana_Block:inst|Fulladder5bit:inst1|Fulladder1bit:inst4|Sum:inst3|inst1          ; |ManaPlasmaField|Mana_Block:inst|Fulladder5bit:inst1|Fulladder1bit:inst4|Sum:inst3|inst1          ; out0             ;
; |ManaPlasmaField|Mana_Block:inst|Fulladder5bit:inst1|Fulladder1bit:inst5|Biencarry:inst|inst      ; |ManaPlasmaField|Mana_Block:inst|Fulladder5bit:inst1|Fulladder1bit:inst5|Biencarry:inst|inst      ; out0             ;
; |ManaPlasmaField|Mana_Block:inst|Fulladder5bit:inst1|Fulladder1bit:inst5|Sum:inst3|inst4          ; |ManaPlasmaField|Mana_Block:inst|Fulladder5bit:inst1|Fulladder1bit:inst5|Sum:inst3|inst4          ; out0             ;
; |ManaPlasmaField|Mana_Block:inst|Fulladder5bit:inst1|Fulladder1bit:inst5|Sum:inst3|inst2          ; |ManaPlasmaField|Mana_Block:inst|Fulladder5bit:inst1|Fulladder1bit:inst5|Sum:inst3|inst2          ; out0             ;
; |ManaPlasmaField|Mana_Block:inst|Fulladder5bit:inst1|Fulladder1bit:inst5|Sum:inst3|inst1          ; |ManaPlasmaField|Mana_Block:inst|Fulladder5bit:inst1|Fulladder1bit:inst5|Sum:inst3|inst1          ; out0             ;
; |ManaPlasmaField|Mana_Block:inst|Fulladder5bit:inst1|Fulladder1bit:inst6|Sum:inst3|inst4          ; |ManaPlasmaField|Mana_Block:inst|Fulladder5bit:inst1|Fulladder1bit:inst6|Sum:inst3|inst4          ; out0             ;
; |ManaPlasmaField|Mana_Block:inst|Fulladder5bit:inst1|Fulladder1bit:inst6|Sum:inst3|inst2          ; |ManaPlasmaField|Mana_Block:inst|Fulladder5bit:inst1|Fulladder1bit:inst6|Sum:inst3|inst2          ; out0             ;
; |ManaPlasmaField|Mana_Block:inst|Fulladder5bit:inst1|Fulladder1bit:inst6|Sum:inst3|inst1          ; |ManaPlasmaField|Mana_Block:inst|Fulladder5bit:inst1|Fulladder1bit:inst6|Sum:inst3|inst1          ; out0             ;
; |ManaPlasmaField|Mana_Block:inst|SoSanh5bits:inst8|Sub5bits:inst|Sub1bits:inst1|inst5             ; |ManaPlasmaField|Mana_Block:inst|SoSanh5bits:inst8|Sub5bits:inst|Sub1bits:inst1|inst5             ; out0             ;
; |ManaPlasmaField|Mana_Block:inst|SoSanh5bits:inst8|Sub5bits:inst|Sub1bits:inst1|inst4             ; |ManaPlasmaField|Mana_Block:inst|SoSanh5bits:inst8|Sub5bits:inst|Sub1bits:inst1|inst4             ; out0             ;
; |ManaPlasmaField|Mana_Block:inst|SoSanh5bits:inst8|Sub5bits:inst|Sub1bits:inst3|inst4             ; |ManaPlasmaField|Mana_Block:inst|SoSanh5bits:inst8|Sub5bits:inst|Sub1bits:inst3|inst4             ; out0             ;
; |ManaPlasmaField|Mana_Block:inst|SoSanh5bits:inst8|Sub5bits:inst|Sub1bits:inst4|inst5             ; |ManaPlasmaField|Mana_Block:inst|SoSanh5bits:inst8|Sub5bits:inst|Sub1bits:inst4|inst5             ; out0             ;
; |ManaPlasmaField|Mana_Block:inst|SoSanh5bits:inst8|Sub5bits:inst|Sub1bits:inst4|inst4             ; |ManaPlasmaField|Mana_Block:inst|SoSanh5bits:inst8|Sub5bits:inst|Sub1bits:inst4|inst4             ; out0             ;
; |ManaPlasmaField|Mana_Block:inst|SoSanh5bits:inst8|Sub5bits:inst|Sub1bits:inst5|inst5             ; |ManaPlasmaField|Mana_Block:inst|SoSanh5bits:inst8|Sub5bits:inst|Sub1bits:inst5|inst5             ; out0             ;
; |ManaPlasmaField|Mana_Block:inst|SoSanh5bits:inst8|Sub5bits:inst|Sub1bits:inst5|inst4             ; |ManaPlasmaField|Mana_Block:inst|SoSanh5bits:inst8|Sub5bits:inst|Sub1bits:inst5|inst4             ; out0             ;
; |ManaPlasmaField|Mana_Block:inst|Mux5to1:inst10|MUX2_1bits:inst2|inst2                            ; |ManaPlasmaField|Mana_Block:inst|Mux5to1:inst10|MUX2_1bits:inst2|inst2                            ; out0             ;
; |ManaPlasmaField|Mana_Block:inst|Mux5to1:inst10|MUX2_1bits:inst2|inst1                            ; |ManaPlasmaField|Mana_Block:inst|Mux5to1:inst10|MUX2_1bits:inst2|inst1                            ; out0             ;
; |ManaPlasmaField|Mana_Block:inst|Mux5to1:inst10|MUX2_1bits:inst4|inst2                            ; |ManaPlasmaField|Mana_Block:inst|Mux5to1:inst10|MUX2_1bits:inst4|inst2                            ; out0             ;
; |ManaPlasmaField|Mana_Block:inst|Mux5to1:inst10|MUX2_1bits:inst4|inst1                            ; |ManaPlasmaField|Mana_Block:inst|Mux5to1:inst10|MUX2_1bits:inst4|inst1                            ; out0             ;
; |ManaPlasmaField|Mana_Block:inst|Mux5to1:inst10|MUX2_1bits:inst1|inst1                            ; |ManaPlasmaField|Mana_Block:inst|Mux5to1:inst10|MUX2_1bits:inst1|inst1                            ; out0             ;
; |ManaPlasmaField|Mana_Block:inst|Mux5to1:inst10|MUX2_1bits:inst3|inst2                            ; |ManaPlasmaField|Mana_Block:inst|Mux5to1:inst10|MUX2_1bits:inst3|inst2                            ; out0             ;
; |ManaPlasmaField|Mana_Block:inst|Mux5to1:inst10|MUX2_1bits:inst3|inst1                            ; |ManaPlasmaField|Mana_Block:inst|Mux5to1:inst10|MUX2_1bits:inst3|inst1                            ; out0             ;
; |ManaPlasmaField|Mana_Block:inst|Mux5to1:inst10|MUX2_1bits:inst|inst2                             ; |ManaPlasmaField|Mana_Block:inst|Mux5to1:inst10|MUX2_1bits:inst|inst2                             ; out0             ;
; |ManaPlasmaField|Mana_Block:inst|Mux5to1:inst10|MUX2_1bits:inst|inst1                             ; |ManaPlasmaField|Mana_Block:inst|Mux5to1:inst10|MUX2_1bits:inst|inst1                             ; out0             ;
; |ManaPlasmaField|Mana_Block:inst|Mux5to1:inst13|MUX2_1bits:inst2|inst2                            ; |ManaPlasmaField|Mana_Block:inst|Mux5to1:inst13|MUX2_1bits:inst2|inst2                            ; out0             ;
; |ManaPlasmaField|Mana_Block:inst|Mux5to1:inst13|MUX2_1bits:inst2|inst1                            ; |ManaPlasmaField|Mana_Block:inst|Mux5to1:inst13|MUX2_1bits:inst2|inst1                            ; out0             ;
; |ManaPlasmaField|Mana_Block:inst|Mux5to1:inst13|MUX2_1bits:inst2|inst                             ; |ManaPlasmaField|Mana_Block:inst|Mux5to1:inst13|MUX2_1bits:inst2|inst                             ; out0             ;
; |ManaPlasmaField|Mana_Block:inst|Mux5to1:inst13|MUX2_1bits:inst4|inst2                            ; |ManaPlasmaField|Mana_Block:inst|Mux5to1:inst13|MUX2_1bits:inst4|inst2                            ; out0             ;
; |ManaPlasmaField|Mana_Block:inst|Mux5to1:inst13|MUX2_1bits:inst4|inst1                            ; |ManaPlasmaField|Mana_Block:inst|Mux5to1:inst13|MUX2_1bits:inst4|inst1                            ; out0             ;
; |ManaPlasmaField|Mana_Block:inst|Mux5to1:inst13|MUX2_1bits:inst4|inst                             ; |ManaPlasmaField|Mana_Block:inst|Mux5to1:inst13|MUX2_1bits:inst4|inst                             ; out0             ;
; |ManaPlasmaField|Mana_Block:inst|Mux5to1:inst13|MUX2_1bits:inst1|inst2                            ; |ManaPlasmaField|Mana_Block:inst|Mux5to1:inst13|MUX2_1bits:inst1|inst2                            ; out0             ;
; |ManaPlasmaField|Mana_Block:inst|Mux5to1:inst13|MUX2_1bits:inst1|inst1                            ; |ManaPlasmaField|Mana_Block:inst|Mux5to1:inst13|MUX2_1bits:inst1|inst1                            ; out0             ;
; |ManaPlasmaField|Mana_Block:inst|Mux5to1:inst13|MUX2_1bits:inst1|inst                             ; |ManaPlasmaField|Mana_Block:inst|Mux5to1:inst13|MUX2_1bits:inst1|inst                             ; out0             ;
; |ManaPlasmaField|Mana_Block:inst|Mux5to1:inst13|MUX2_1bits:inst3|inst2                            ; |ManaPlasmaField|Mana_Block:inst|Mux5to1:inst13|MUX2_1bits:inst3|inst2                            ; out0             ;
; |ManaPlasmaField|Mana_Block:inst|Mux5to1:inst13|MUX2_1bits:inst3|inst1                            ; |ManaPlasmaField|Mana_Block:inst|Mux5to1:inst13|MUX2_1bits:inst3|inst1                            ; out0             ;
; |ManaPlasmaField|Mana_Block:inst|Mux5to1:inst13|MUX2_1bits:inst3|inst                             ; |ManaPlasmaField|Mana_Block:inst|Mux5to1:inst13|MUX2_1bits:inst3|inst                             ; out0             ;
; |ManaPlasmaField|Mana_Block:inst|Mux5to1:inst13|MUX2_1bits:inst|inst2                             ; |ManaPlasmaField|Mana_Block:inst|Mux5to1:inst13|MUX2_1bits:inst|inst2                             ; out0             ;
; |ManaPlasmaField|Mana_Block:inst|Mux5to1:inst13|MUX2_1bits:inst|inst1                             ; |ManaPlasmaField|Mana_Block:inst|Mux5to1:inst13|MUX2_1bits:inst|inst1                             ; out0             ;
; |ManaPlasmaField|Mana_Block:inst|Res5bits:inst|ffd:inst4|inst9                                    ; |ManaPlasmaField|Mana_Block:inst|Res5bits:inst|ffd:inst4|inst9                                    ; out0             ;
; |ManaPlasmaField|Mana_Block:inst|Res5bits:inst|ffd:inst4|inst14                                   ; |ManaPlasmaField|Mana_Block:inst|Res5bits:inst|ffd:inst4|inst14                                   ; out0             ;
; |ManaPlasmaField|Mana_Block:inst|Res5bits:inst|ffd:inst4|inst4                                    ; |ManaPlasmaField|Mana_Block:inst|Res5bits:inst|ffd:inst4|inst4                                    ; out0             ;
; |ManaPlasmaField|Mana_Block:inst|Res5bits:inst|ffd:inst4|inst                                     ; |ManaPlasmaField|Mana_Block:inst|Res5bits:inst|ffd:inst4|inst                                     ; out0             ;
; |ManaPlasmaField|Mana_Block:inst|Res5bits:inst|ffd:inst4|inst6                                    ; |ManaPlasmaField|Mana_Block:inst|Res5bits:inst|ffd:inst4|inst6                                    ; out0             ;
; |ManaPlasmaField|Mana_Block:inst|Res5bits:inst|ffd:inst4|inst1                                    ; |ManaPlasmaField|Mana_Block:inst|Res5bits:inst|ffd:inst4|inst1                                    ; out0             ;
; |ManaPlasmaField|Mana_Block:inst|Res5bits:inst|ffd:inst4|inst7                                    ; |ManaPlasmaField|Mana_Block:inst|Res5bits:inst|ffd:inst4|inst7                                    ; out0             ;
; |ManaPlasmaField|Mana_Block:inst|Res5bits:inst|ffd:inst4|inst15                                   ; |ManaPlasmaField|Mana_Block:inst|Res5bits:inst|ffd:inst4|inst15                                   ; out0             ;
; |ManaPlasmaField|Mana_Block:inst|Res5bits:inst|ffd:inst3|inst9                                    ; |ManaPlasmaField|Mana_Block:inst|Res5bits:inst|ffd:inst3|inst9                                    ; out0             ;
; |ManaPlasmaField|Mana_Block:inst|Res5bits:inst|ffd:inst3|inst14                                   ; |ManaPlasmaField|Mana_Block:inst|Res5bits:inst|ffd:inst3|inst14                                   ; out0             ;
; |ManaPlasmaField|Mana_Block:inst|Res5bits:inst|ffd:inst3|inst4                                    ; |ManaPlasmaField|Mana_Block:inst|Res5bits:inst|ffd:inst3|inst4                                    ; out0             ;
; |ManaPlasmaField|Mana_Block:inst|Res5bits:inst|ffd:inst3|inst                                     ; |ManaPlasmaField|Mana_Block:inst|Res5bits:inst|ffd:inst3|inst                                     ; out0             ;
; |ManaPlasmaField|Mana_Block:inst|Res5bits:inst|ffd:inst3|inst6                                    ; |ManaPlasmaField|Mana_Block:inst|Res5bits:inst|ffd:inst3|inst6                                    ; out0             ;
; |ManaPlasmaField|Mana_Block:inst|Res5bits:inst|ffd:inst3|inst1                                    ; |ManaPlasmaField|Mana_Block:inst|Res5bits:inst|ffd:inst3|inst1                                    ; out0             ;
; |ManaPlasmaField|Mana_Block:inst|Res5bits:inst|ffd:inst3|inst7                                    ; |ManaPlasmaField|Mana_Block:inst|Res5bits:inst|ffd:inst3|inst7                                    ; out0             ;
; |ManaPlasmaField|Mana_Block:inst|Res5bits:inst|ffd:inst3|inst15                                   ; |ManaPlasmaField|Mana_Block:inst|Res5bits:inst|ffd:inst3|inst15                                   ; out0             ;
; |ManaPlasmaField|Mana_Block:inst|Res5bits:inst|ffd:inst2|inst9                                    ; |ManaPlasmaField|Mana_Block:inst|Res5bits:inst|ffd:inst2|inst9                                    ; out0             ;
; |ManaPlasmaField|Mana_Block:inst|Res5bits:inst|ffd:inst2|inst14                                   ; |ManaPlasmaField|Mana_Block:inst|Res5bits:inst|ffd:inst2|inst14                                   ; out0             ;
; |ManaPlasmaField|Mana_Block:inst|Res5bits:inst|ffd:inst2|inst4                                    ; |ManaPlasmaField|Mana_Block:inst|Res5bits:inst|ffd:inst2|inst4                                    ; out0             ;
; |ManaPlasmaField|Mana_Block:inst|Res5bits:inst|ffd:inst2|inst                                     ; |ManaPlasmaField|Mana_Block:inst|Res5bits:inst|ffd:inst2|inst                                     ; out0             ;
; |ManaPlasmaField|Mana_Block:inst|Res5bits:inst|ffd:inst2|inst6                                    ; |ManaPlasmaField|Mana_Block:inst|Res5bits:inst|ffd:inst2|inst6                                    ; out0             ;
; |ManaPlasmaField|Mana_Block:inst|Res5bits:inst|ffd:inst2|inst1                                    ; |ManaPlasmaField|Mana_Block:inst|Res5bits:inst|ffd:inst2|inst1                                    ; out0             ;
; |ManaPlasmaField|Mana_Block:inst|Res5bits:inst|ffd:inst2|inst7                                    ; |ManaPlasmaField|Mana_Block:inst|Res5bits:inst|ffd:inst2|inst7                                    ; out0             ;
; |ManaPlasmaField|Mana_Block:inst|Res5bits:inst|ffd:inst2|inst15                                   ; |ManaPlasmaField|Mana_Block:inst|Res5bits:inst|ffd:inst2|inst15                                   ; out0             ;
; |ManaPlasmaField|Mana_Block:inst|Res5bits:inst|ffd:inst1|inst9                                    ; |ManaPlasmaField|Mana_Block:inst|Res5bits:inst|ffd:inst1|inst9                                    ; out0             ;
; |ManaPlasmaField|Mana_Block:inst|Res5bits:inst|ffd:inst1|inst14                                   ; |ManaPlasmaField|Mana_Block:inst|Res5bits:inst|ffd:inst1|inst14                                   ; out0             ;
; |ManaPlasmaField|Mana_Block:inst|Res5bits:inst|ffd:inst1|inst4                                    ; |ManaPlasmaField|Mana_Block:inst|Res5bits:inst|ffd:inst1|inst4                                    ; out0             ;
; |ManaPlasmaField|Mana_Block:inst|Res5bits:inst|ffd:inst1|inst                                     ; |ManaPlasmaField|Mana_Block:inst|Res5bits:inst|ffd:inst1|inst                                     ; out0             ;
; |ManaPlasmaField|Mana_Block:inst|Res5bits:inst|ffd:inst1|inst6                                    ; |ManaPlasmaField|Mana_Block:inst|Res5bits:inst|ffd:inst1|inst6                                    ; out0             ;
; |ManaPlasmaField|Mana_Block:inst|Res5bits:inst|ffd:inst1|inst1                                    ; |ManaPlasmaField|Mana_Block:inst|Res5bits:inst|ffd:inst1|inst1                                    ; out0             ;
; |ManaPlasmaField|Mana_Block:inst|Res5bits:inst|ffd:inst1|inst7                                    ; |ManaPlasmaField|Mana_Block:inst|Res5bits:inst|ffd:inst1|inst7                                    ; out0             ;
; |ManaPlasmaField|Mana_Block:inst|Res5bits:inst|ffd:inst1|inst15                                   ; |ManaPlasmaField|Mana_Block:inst|Res5bits:inst|ffd:inst1|inst15                                   ; out0             ;
; |ManaPlasmaField|Mana_Block:inst|Res5bits:inst|ffd:inst|inst14                                    ; |ManaPlasmaField|Mana_Block:inst|Res5bits:inst|ffd:inst|inst14                                    ; out0             ;
; |ManaPlasmaField|Mana_Block:inst|Res5bits:inst|ffd:inst|inst                                      ; |ManaPlasmaField|Mana_Block:inst|Res5bits:inst|ffd:inst|inst                                      ; out0             ;
; |ManaPlasmaField|Mana_Block:inst|Res5bits:inst|ffd:inst|inst1                                     ; |ManaPlasmaField|Mana_Block:inst|Res5bits:inst|ffd:inst|inst1                                     ; out0             ;
; |ManaPlasmaField|Mana_Block:inst|Res5bits:inst|ffd:inst|inst15                                    ; |ManaPlasmaField|Mana_Block:inst|Res5bits:inst|ffd:inst|inst15                                    ; out0             ;
; |ManaPlasmaField|SoSanh5bits:inst2|Sub5bits:inst|Sub1bits:inst4|inst5                             ; |ManaPlasmaField|SoSanh5bits:inst2|Sub5bits:inst|Sub1bits:inst4|inst5                             ; out0             ;
; |ManaPlasmaField|SoSanh5bits:inst2|Sub5bits:inst|Sub1bits:inst4|inst4                             ; |ManaPlasmaField|SoSanh5bits:inst2|Sub5bits:inst|Sub1bits:inst4|inst4                             ; out0             ;
; |ManaPlasmaField|SoSanh5bits:inst2|Sub5bits:inst|Sub1bits:inst5|inst4                             ; |ManaPlasmaField|SoSanh5bits:inst2|Sub5bits:inst|Sub1bits:inst5|inst4                             ; out0             ;
; |ManaPlasmaField|Cooldown_block:inst1|Fulladder5bit:inst1|Fulladder1bit:inst2|Biencarry:inst|inst ; |ManaPlasmaField|Cooldown_block:inst1|Fulladder5bit:inst1|Fulladder1bit:inst2|Biencarry:inst|inst ; out0             ;
; |ManaPlasmaField|Cooldown_block:inst1|Fulladder5bit:inst1|Fulladder1bit:inst2|Sum:inst3|inst4     ; |ManaPlasmaField|Cooldown_block:inst1|Fulladder5bit:inst1|Fulladder1bit:inst2|Sum:inst3|inst4     ; out0             ;
; |ManaPlasmaField|Cooldown_block:inst1|Fulladder5bit:inst1|Fulladder1bit:inst2|Sum:inst3|inst2     ; |ManaPlasmaField|Cooldown_block:inst1|Fulladder5bit:inst1|Fulladder1bit:inst2|Sum:inst3|inst2     ; out0             ;
; |ManaPlasmaField|Cooldown_block:inst1|Fulladder5bit:inst1|Fulladder1bit:inst2|Sum:inst3|inst1     ; |ManaPlasmaField|Cooldown_block:inst1|Fulladder5bit:inst1|Fulladder1bit:inst2|Sum:inst3|inst1     ; out0             ;
; |ManaPlasmaField|Cooldown_block:inst1|Fulladder5bit:inst1|Fulladder1bit:inst4|Biencarry:inst|inst ; |ManaPlasmaField|Cooldown_block:inst1|Fulladder5bit:inst1|Fulladder1bit:inst4|Biencarry:inst|inst ; out0             ;
; |ManaPlasmaField|Cooldown_block:inst1|Fulladder5bit:inst1|Fulladder1bit:inst4|Sum:inst3|inst4     ; |ManaPlasmaField|Cooldown_block:inst1|Fulladder5bit:inst1|Fulladder1bit:inst4|Sum:inst3|inst4     ; out0             ;
; |ManaPlasmaField|Cooldown_block:inst1|Fulladder5bit:inst1|Fulladder1bit:inst4|Sum:inst3|inst2     ; |ManaPlasmaField|Cooldown_block:inst1|Fulladder5bit:inst1|Fulladder1bit:inst4|Sum:inst3|inst2     ; out0             ;
; |ManaPlasmaField|Cooldown_block:inst1|Fulladder5bit:inst1|Fulladder1bit:inst4|Sum:inst3|inst1     ; |ManaPlasmaField|Cooldown_block:inst1|Fulladder5bit:inst1|Fulladder1bit:inst4|Sum:inst3|inst1     ; out0             ;
; |ManaPlasmaField|Cooldown_block:inst1|Fulladder5bit:inst1|Fulladder1bit:inst5|Biencarry:inst|inst ; |ManaPlasmaField|Cooldown_block:inst1|Fulladder5bit:inst1|Fulladder1bit:inst5|Biencarry:inst|inst ; out0             ;
; |ManaPlasmaField|Cooldown_block:inst1|Fulladder5bit:inst1|Fulladder1bit:inst5|Sum:inst3|inst4     ; |ManaPlasmaField|Cooldown_block:inst1|Fulladder5bit:inst1|Fulladder1bit:inst5|Sum:inst3|inst4     ; out0             ;
; |ManaPlasmaField|Cooldown_block:inst1|Fulladder5bit:inst1|Fulladder1bit:inst5|Sum:inst3|inst2     ; |ManaPlasmaField|Cooldown_block:inst1|Fulladder5bit:inst1|Fulladder1bit:inst5|Sum:inst3|inst2     ; out0             ;
; |ManaPlasmaField|Cooldown_block:inst1|Fulladder5bit:inst1|Fulladder1bit:inst5|Sum:inst3|inst1     ; |ManaPlasmaField|Cooldown_block:inst1|Fulladder5bit:inst1|Fulladder1bit:inst5|Sum:inst3|inst1     ; out0             ;
; |ManaPlasmaField|Cooldown_block:inst1|Fulladder5bit:inst1|Fulladder1bit:inst6|Sum:inst3|inst4     ; |ManaPlasmaField|Cooldown_block:inst1|Fulladder5bit:inst1|Fulladder1bit:inst6|Sum:inst3|inst4     ; out0             ;
; |ManaPlasmaField|Cooldown_block:inst1|Fulladder5bit:inst1|Fulladder1bit:inst6|Sum:inst3|inst2     ; |ManaPlasmaField|Cooldown_block:inst1|Fulladder5bit:inst1|Fulladder1bit:inst6|Sum:inst3|inst2     ; out0             ;
; |ManaPlasmaField|Cooldown_block:inst1|Fulladder5bit:inst1|Fulladder1bit:inst6|Sum:inst3|inst1     ; |ManaPlasmaField|Cooldown_block:inst1|Fulladder5bit:inst1|Fulladder1bit:inst6|Sum:inst3|inst1     ; out0             ;
; |ManaPlasmaField|Cooldown_block:inst1|Mux5to1:inst3|MUX2_1bits:inst2|inst1                        ; |ManaPlasmaField|Cooldown_block:inst1|Mux5to1:inst3|MUX2_1bits:inst2|inst1                        ; out0             ;
; |ManaPlasmaField|Cooldown_block:inst1|Mux5to1:inst3|MUX2_1bits:inst4|inst1                        ; |ManaPlasmaField|Cooldown_block:inst1|Mux5to1:inst3|MUX2_1bits:inst4|inst1                        ; out0             ;
; |ManaPlasmaField|Cooldown_block:inst1|Mux5to1:inst3|MUX2_1bits:inst1|inst1                        ; |ManaPlasmaField|Cooldown_block:inst1|Mux5to1:inst3|MUX2_1bits:inst1|inst1                        ; out0             ;
; |ManaPlasmaField|Cooldown_block:inst1|Mux5to1:inst3|MUX2_1bits:inst3|inst1                        ; |ManaPlasmaField|Cooldown_block:inst1|Mux5to1:inst3|MUX2_1bits:inst3|inst1                        ; out0             ;
; |ManaPlasmaField|Cooldown_block:inst1|Mux5to1:inst4|MUX2_1bits:inst2|inst1                        ; |ManaPlasmaField|Cooldown_block:inst1|Mux5to1:inst4|MUX2_1bits:inst2|inst1                        ; out0             ;
; |ManaPlasmaField|Cooldown_block:inst1|Mux5to1:inst4|MUX2_1bits:inst4|inst1                        ; |ManaPlasmaField|Cooldown_block:inst1|Mux5to1:inst4|MUX2_1bits:inst4|inst1                        ; out0             ;
; |ManaPlasmaField|Cooldown_block:inst1|Mux5to1:inst4|MUX2_1bits:inst1|inst1                        ; |ManaPlasmaField|Cooldown_block:inst1|Mux5to1:inst4|MUX2_1bits:inst1|inst1                        ; out0             ;
; |ManaPlasmaField|Cooldown_block:inst1|Mux5to1:inst4|MUX2_1bits:inst3|inst1                        ; |ManaPlasmaField|Cooldown_block:inst1|Mux5to1:inst4|MUX2_1bits:inst3|inst1                        ; out0             ;
; |ManaPlasmaField|Cooldown_block:inst1|Mux5to1:inst4|MUX2_1bits:inst|inst1                         ; |ManaPlasmaField|Cooldown_block:inst1|Mux5to1:inst4|MUX2_1bits:inst|inst1                         ; out0             ;
; |ManaPlasmaField|Cooldown_block:inst1|Res5bits:inst|ffd:inst4|inst9                               ; |ManaPlasmaField|Cooldown_block:inst1|Res5bits:inst|ffd:inst4|inst9                               ; out0             ;
; |ManaPlasmaField|Cooldown_block:inst1|Res5bits:inst|ffd:inst4|inst14                              ; |ManaPlasmaField|Cooldown_block:inst1|Res5bits:inst|ffd:inst4|inst14                              ; out0             ;
; |ManaPlasmaField|Cooldown_block:inst1|Res5bits:inst|ffd:inst4|inst4                               ; |ManaPlasmaField|Cooldown_block:inst1|Res5bits:inst|ffd:inst4|inst4                               ; out0             ;
; |ManaPlasmaField|Cooldown_block:inst1|Res5bits:inst|ffd:inst4|inst                                ; |ManaPlasmaField|Cooldown_block:inst1|Res5bits:inst|ffd:inst4|inst                                ; out0             ;
; |ManaPlasmaField|Cooldown_block:inst1|Res5bits:inst|ffd:inst4|inst6                               ; |ManaPlasmaField|Cooldown_block:inst1|Res5bits:inst|ffd:inst4|inst6                               ; out0             ;
; |ManaPlasmaField|Cooldown_block:inst1|Res5bits:inst|ffd:inst4|inst1                               ; |ManaPlasmaField|Cooldown_block:inst1|Res5bits:inst|ffd:inst4|inst1                               ; out0             ;
; |ManaPlasmaField|Cooldown_block:inst1|Res5bits:inst|ffd:inst4|inst7                               ; |ManaPlasmaField|Cooldown_block:inst1|Res5bits:inst|ffd:inst4|inst7                               ; out0             ;
; |ManaPlasmaField|Cooldown_block:inst1|Res5bits:inst|ffd:inst4|inst15                              ; |ManaPlasmaField|Cooldown_block:inst1|Res5bits:inst|ffd:inst4|inst15                              ; out0             ;
; |ManaPlasmaField|Cooldown_block:inst1|Res5bits:inst|ffd:inst3|inst9                               ; |ManaPlasmaField|Cooldown_block:inst1|Res5bits:inst|ffd:inst3|inst9                               ; out0             ;
; |ManaPlasmaField|Cooldown_block:inst1|Res5bits:inst|ffd:inst3|inst14                              ; |ManaPlasmaField|Cooldown_block:inst1|Res5bits:inst|ffd:inst3|inst14                              ; out0             ;
; |ManaPlasmaField|Cooldown_block:inst1|Res5bits:inst|ffd:inst3|inst4                               ; |ManaPlasmaField|Cooldown_block:inst1|Res5bits:inst|ffd:inst3|inst4                               ; out0             ;
; |ManaPlasmaField|Cooldown_block:inst1|Res5bits:inst|ffd:inst3|inst                                ; |ManaPlasmaField|Cooldown_block:inst1|Res5bits:inst|ffd:inst3|inst                                ; out0             ;
; |ManaPlasmaField|Cooldown_block:inst1|Res5bits:inst|ffd:inst3|inst6                               ; |ManaPlasmaField|Cooldown_block:inst1|Res5bits:inst|ffd:inst3|inst6                               ; out0             ;
; |ManaPlasmaField|Cooldown_block:inst1|Res5bits:inst|ffd:inst3|inst1                               ; |ManaPlasmaField|Cooldown_block:inst1|Res5bits:inst|ffd:inst3|inst1                               ; out0             ;
; |ManaPlasmaField|Cooldown_block:inst1|Res5bits:inst|ffd:inst3|inst7                               ; |ManaPlasmaField|Cooldown_block:inst1|Res5bits:inst|ffd:inst3|inst7                               ; out0             ;
; |ManaPlasmaField|Cooldown_block:inst1|Res5bits:inst|ffd:inst3|inst15                              ; |ManaPlasmaField|Cooldown_block:inst1|Res5bits:inst|ffd:inst3|inst15                              ; out0             ;
; |ManaPlasmaField|Cooldown_block:inst1|Res5bits:inst|ffd:inst2|inst9                               ; |ManaPlasmaField|Cooldown_block:inst1|Res5bits:inst|ffd:inst2|inst9                               ; out0             ;
; |ManaPlasmaField|Cooldown_block:inst1|Res5bits:inst|ffd:inst2|inst14                              ; |ManaPlasmaField|Cooldown_block:inst1|Res5bits:inst|ffd:inst2|inst14                              ; out0             ;
; |ManaPlasmaField|Cooldown_block:inst1|Res5bits:inst|ffd:inst2|inst4                               ; |ManaPlasmaField|Cooldown_block:inst1|Res5bits:inst|ffd:inst2|inst4                               ; out0             ;
; |ManaPlasmaField|Cooldown_block:inst1|Res5bits:inst|ffd:inst2|inst                                ; |ManaPlasmaField|Cooldown_block:inst1|Res5bits:inst|ffd:inst2|inst                                ; out0             ;
; |ManaPlasmaField|Cooldown_block:inst1|Res5bits:inst|ffd:inst2|inst6                               ; |ManaPlasmaField|Cooldown_block:inst1|Res5bits:inst|ffd:inst2|inst6                               ; out0             ;
; |ManaPlasmaField|Cooldown_block:inst1|Res5bits:inst|ffd:inst2|inst1                               ; |ManaPlasmaField|Cooldown_block:inst1|Res5bits:inst|ffd:inst2|inst1                               ; out0             ;
; |ManaPlasmaField|Cooldown_block:inst1|Res5bits:inst|ffd:inst2|inst7                               ; |ManaPlasmaField|Cooldown_block:inst1|Res5bits:inst|ffd:inst2|inst7                               ; out0             ;
; |ManaPlasmaField|Cooldown_block:inst1|Res5bits:inst|ffd:inst2|inst15                              ; |ManaPlasmaField|Cooldown_block:inst1|Res5bits:inst|ffd:inst2|inst15                              ; out0             ;
; |ManaPlasmaField|Cooldown_block:inst1|Res5bits:inst|ffd:inst1|inst9                               ; |ManaPlasmaField|Cooldown_block:inst1|Res5bits:inst|ffd:inst1|inst9                               ; out0             ;
; |ManaPlasmaField|Cooldown_block:inst1|Res5bits:inst|ffd:inst1|inst14                              ; |ManaPlasmaField|Cooldown_block:inst1|Res5bits:inst|ffd:inst1|inst14                              ; out0             ;
; |ManaPlasmaField|Cooldown_block:inst1|Res5bits:inst|ffd:inst1|inst4                               ; |ManaPlasmaField|Cooldown_block:inst1|Res5bits:inst|ffd:inst1|inst4                               ; out0             ;
; |ManaPlasmaField|Cooldown_block:inst1|Res5bits:inst|ffd:inst1|inst                                ; |ManaPlasmaField|Cooldown_block:inst1|Res5bits:inst|ffd:inst1|inst                                ; out0             ;
; |ManaPlasmaField|Cooldown_block:inst1|Res5bits:inst|ffd:inst1|inst6                               ; |ManaPlasmaField|Cooldown_block:inst1|Res5bits:inst|ffd:inst1|inst6                               ; out0             ;
; |ManaPlasmaField|Cooldown_block:inst1|Res5bits:inst|ffd:inst1|inst1                               ; |ManaPlasmaField|Cooldown_block:inst1|Res5bits:inst|ffd:inst1|inst1                               ; out0             ;
; |ManaPlasmaField|Cooldown_block:inst1|Res5bits:inst|ffd:inst1|inst7                               ; |ManaPlasmaField|Cooldown_block:inst1|Res5bits:inst|ffd:inst1|inst7                               ; out0             ;
; |ManaPlasmaField|Cooldown_block:inst1|Res5bits:inst|ffd:inst1|inst15                              ; |ManaPlasmaField|Cooldown_block:inst1|Res5bits:inst|ffd:inst1|inst15                              ; out0             ;
; |ManaPlasmaField|Cooldown_block:inst1|Res5bits:inst|ffd:inst|inst9                                ; |ManaPlasmaField|Cooldown_block:inst1|Res5bits:inst|ffd:inst|inst9                                ; out0             ;
; |ManaPlasmaField|Cooldown_block:inst1|Res5bits:inst|ffd:inst|inst14                               ; |ManaPlasmaField|Cooldown_block:inst1|Res5bits:inst|ffd:inst|inst14                               ; out0             ;
; |ManaPlasmaField|Cooldown_block:inst1|Res5bits:inst|ffd:inst|inst4                                ; |ManaPlasmaField|Cooldown_block:inst1|Res5bits:inst|ffd:inst|inst4                                ; out0             ;
; |ManaPlasmaField|Cooldown_block:inst1|Res5bits:inst|ffd:inst|inst                                 ; |ManaPlasmaField|Cooldown_block:inst1|Res5bits:inst|ffd:inst|inst                                 ; out0             ;
; |ManaPlasmaField|Cooldown_block:inst1|Res5bits:inst|ffd:inst|inst6                                ; |ManaPlasmaField|Cooldown_block:inst1|Res5bits:inst|ffd:inst|inst6                                ; out0             ;
; |ManaPlasmaField|Cooldown_block:inst1|Res5bits:inst|ffd:inst|inst1                                ; |ManaPlasmaField|Cooldown_block:inst1|Res5bits:inst|ffd:inst|inst1                                ; out0             ;
; |ManaPlasmaField|Cooldown_block:inst1|Res5bits:inst|ffd:inst|inst7                                ; |ManaPlasmaField|Cooldown_block:inst1|Res5bits:inst|ffd:inst|inst7                                ; out0             ;
; |ManaPlasmaField|Cooldown_block:inst1|Res5bits:inst|ffd:inst|inst15                               ; |ManaPlasmaField|Cooldown_block:inst1|Res5bits:inst|ffd:inst|inst15                               ; out0             ;
+---------------------------------------------------------------------------------------------------+---------------------------------------------------------------------------------------------------+------------------+


The following table displays output ports that do not toggle to 1 during simulation.
+----------------------------------------------------------------------------------------------------------------------------------------------------------------+
; Missing 1-Value Coverage                                                                                                                                       ;
+----------------------------------------------------------------------+----------------------------------------------------------------------+------------------+
; Node Name                                                            ; Output Port Name                                                     ; Output Port Type ;
+----------------------------------------------------------------------+----------------------------------------------------------------------+------------------+
; |ManaPlasmaField|Mana_Block:inst|Mux5to1:inst13|MUX2_1bits:inst|inst ; |ManaPlasmaField|Mana_Block:inst|Mux5to1:inst13|MUX2_1bits:inst|inst ; out0             ;
; |ManaPlasmaField|Mana_Block:inst|Res5bits:inst|ffd:inst|inst9        ; |ManaPlasmaField|Mana_Block:inst|Res5bits:inst|ffd:inst|inst9        ; out0             ;
; |ManaPlasmaField|Mana_Block:inst|Res5bits:inst|ffd:inst|inst4        ; |ManaPlasmaField|Mana_Block:inst|Res5bits:inst|ffd:inst|inst4        ; out0             ;
+----------------------------------------------------------------------+----------------------------------------------------------------------+------------------+


The following table displays output ports that do not toggle to 0 during simulation.
+----------------------------------------------------------------------------------------------------------------------------------------------------------------+
; Missing 0-Value Coverage                                                                                                                                       ;
+----------------------------------------------------------------------+----------------------------------------------------------------------+------------------+
; Node Name                                                            ; Output Port Name                                                     ; Output Port Type ;
+----------------------------------------------------------------------+----------------------------------------------------------------------+------------------+
; |ManaPlasmaField|CLR                                                 ; |ManaPlasmaField|CLR                                                 ; out              ;
; |ManaPlasmaField|Mana_Block:inst|Mux5to1:inst13|MUX2_1bits:inst|inst ; |ManaPlasmaField|Mana_Block:inst|Mux5to1:inst13|MUX2_1bits:inst|inst ; out0             ;
; |ManaPlasmaField|Mana_Block:inst|Res5bits:inst|ffd:inst|inst6        ; |ManaPlasmaField|Mana_Block:inst|Res5bits:inst|ffd:inst|inst6        ; out0             ;
; |ManaPlasmaField|Mana_Block:inst|Res5bits:inst|ffd:inst|inst7        ; |ManaPlasmaField|Mana_Block:inst|Res5bits:inst|ffd:inst|inst7        ; out0             ;
+----------------------------------------------------------------------+----------------------------------------------------------------------+------------------+


+---------------------+
; Simulator INI Usage ;
+--------+------------+
; Option ; Usage      ;
+--------+------------+


+--------------------+
; Simulator Messages ;
+--------------------+
Info: *******************************************************************
Info: Running Quartus II 64-Bit Simulator
    Info: Version 13.0.1 Build 232 06/12/2013 Service Pack 1 SJ Web Edition
    Info: Processing started: Sat May 23 22:54:20 2026
Info: Command: quartus_sim --simulation_results_format=VWF ManaOfRazor -c ManaOfRazor
Info (324025): Using vector source file "C:/D_Drive/Tailieu/HK8/Nhapmonmachso/Lab/Lab5/Lab5_excer/Waveform2.vwf"
Info (310003): Option to preserve fewer signal transitions to reduce memory requirements is enabled
    Info (310004): Simulation has been partitioned into sub-simulations according to the maximum transition count determined by the engine. Transitions from memory will be flushed out to disk at the end of each sub-simulation to reduce memory requirements.
Info (310002): Simulation partitioned into 1 sub-simulations
Info (328053): Simulation coverage is      96.23 %
Info (328052): Number of transitions in simulation is 4276
Info (324045): Vector file ManaOfRazor.sim.vwf is saved in VWF text format. You can compress it into CVWF format in order to reduce file size. For more details please refer to the Quartus II Help.
Info: Quartus II 64-Bit Simulator was successful. 0 errors, 0 warnings
    Info: Peak virtual memory: 4464 megabytes
    Info: Processing ended: Sat May 23 22:54:21 2026
    Info: Elapsed time: 00:00:01
    Info: Total CPU time (on all processors): 00:00:00


